I'm sorry, but errors were detected in your script. Please correct the
errors listed below, and try again.


File "game/script.rpy", line 12: expected 'simple_expression' not found.
    scene black with with dissolve
                     ^

Ren'Py Version: Ren'Py 8.3.3.24111502
Sat Nov 30 06:12:09 2024
